// Jest Snapshot v1, https://goo.gl/fbAQLP

exports[`renders as expected 1`] = `
<View
  style={
    Array [
      Object {
        "flex": 1,
      },
      undefined,
    ]
  }
>
  <View
    style={
      Array [
        Object {
          "flex": 1,
          "minHeight": 75,
        },
        Object {
          "flex": 1,
          "marginVertical": 10,
          "maxHeight": 75,
        },
      ]
    }
  >
    <Text
      style={
        Object {
          "color": "#3B3E6F",
          "fontFamily": "PT Sans",
          "fontSize": 11,
          "letterSpacing": 1.8,
          "marginBottom": 7,
        }
      }
    >
      EMAIL
    </Text>
    <View
      style={
        Object {
          "backgroundColor": "#B7BAE1",
          "borderColor": "transparent",
          "borderRadius": 7,
          "borderStyle": "solid",
          "borderWidth": 1,
          "flex": 1,
          "paddingHorizontal": 20,
        }
      }
    >
      <TextInput
        allowFontScaling={true}
        autoCapitalize="none"
        autoCorrect={false}
        autoFocus={true}
        keyboardType="email-address"
        onChangeText={[Function]}
        style={
          Array [
            Object {
              "color": "#3B3E6F",
              "flex": 1,
              "fontFamily": "PT Sans",
              "fontSize": 17,
            },
            undefined,
          ]
        }
        underlineColorAndroid="transparent"
        value="jpbrennecke@gmail.com"
      />
    </View>
  </View>
  <View
    style={
      Array [
        Object {
          "flex": 1,
          "minHeight": 75,
        },
        Object {
          "flex": 1,
          "marginVertical": 10,
          "maxHeight": 75,
        },
      ]
    }
  >
    <Text
      style={
        Object {
          "color": "#3B3E6F",
          "fontFamily": "PT Sans",
          "fontSize": 11,
          "letterSpacing": 1.8,
          "marginBottom": 7,
        }
      }
    >
      PASSWORD
    </Text>
    <View
      style={
        Object {
          "backgroundColor": "#B7BAE1",
          "borderColor": "transparent",
          "borderRadius": 7,
          "borderStyle": "solid",
          "borderWidth": 1,
          "flex": 1,
          "paddingHorizontal": 20,
        }
      }
    >
      <TextInput
        allowFontScaling={true}
        autoCapitalize="none"
        autoCorrect={false}
        onChangeText={[Function]}
        secureTextEntry={true}
        style={
          Array [
            Object {
              "color": "#3B3E6F",
              "flex": 1,
              "fontFamily": "PT Sans",
              "fontSize": 17,
            },
            undefined,
          ]
        }
        underlineColorAndroid="transparent"
        value="password"
      />
    </View>
  </View>
  <View
    accessible={true}
    isTVSelectable={true}
    onResponderGrant={[Function]}
    onResponderMove={[Function]}
    onResponderRelease={[Function]}
    onResponderTerminate={[Function]}
    onResponderTerminationRequest={[Function]}
    onStartShouldSetResponder={[Function]}
    style={
      Object {
        "alignItems": "center",
        "backgroundColor": "#3B3E6F",
        "borderRadius": 7,
        "elevation": 1,
        "flex": 1,
        "justifyContent": "center",
        "marginVertical": 25,
        "maxHeight": 55,
        "minHeight": 34,
        "opacity": 1,
        "paddingHorizontal": 37,
        "paddingVertical": 7,
      }
    }
  >
    <Text
      numberOfLines={1}
      style={
        Array [
          Object {
            "color": "#FFF",
            "fontFamily": "PT Sans",
            "fontSize": 15,
            "letterSpacing": 1.8,
          },
          undefined,
        ]
      }
    >
      LOGIN
    </Text>
  </View>
</View>
`;
